MPLINK 4.48, Linker
Linker Map File - Created Tue Sep 24 19:10:26 2024

                                 Section Info
                  Section       Type    Address   Location Size(Bytes)
                ---------  ---------  ---------  ---------  ---------
                   .org_0       code   0x000000    program   0x000048



                              Program Memory Usage 
                               Start         End      
                           ---------   ---------      
                            0x000000    0x000023      
            36 out of 8454 program addresses used, program memory utilization is 0%



                              Symbols - Sorted by Name
                     Name    Address   Location    Storage File                     
                ---------  ---------  ---------  --------- ---------                
                 CHECK_H1   0x000009    program     static C:\Users\Choaib ELMADI\Documents\ENSA\GE-2\S3\Réseaux Locaux Indus\Projet Pompes\main.asm
                 CHECK_H2   0x000013    program     static C:\Users\Choaib ELMADI\Documents\ENSA\GE-2\S3\Réseaux Locaux Indus\Projet Pompes\main.asm
                 CHECK_H3   0x00001d    program     static C:\Users\Choaib ELMADI\Documents\ENSA\GE-2\S3\Réseaux Locaux Indus\Projet Pompes\main.asm
                 CHECK_P2   0x000010    program     static C:\Users\Choaib ELMADI\Documents\ENSA\GE-2\S3\Réseaux Locaux Indus\Projet Pompes\main.asm
                 CHECK_P3   0x00001a    program     static C:\Users\Choaib ELMADI\Documents\ENSA\GE-2\S3\Réseaux Locaux Indus\Projet Pompes\main.asm
                     INIT   0x000000    program     static C:\Users\Choaib ELMADI\Documents\ENSA\GE-2\S3\Réseaux Locaux Indus\Projet Pompes\main.asm
                     MAIN   0x000006    program     static C:\Users\Choaib ELMADI\Documents\ENSA\GE-2\S3\Réseaux Locaux Indus\Projet Pompes\main.asm
                   P1_OFF   0x00000e    program     static C:\Users\Choaib ELMADI\Documents\ENSA\GE-2\S3\Réseaux Locaux Indus\Projet Pompes\main.asm
                    P1_ON   0x00000c    program     static C:\Users\Choaib ELMADI\Documents\ENSA\GE-2\S3\Réseaux Locaux Indus\Projet Pompes\main.asm
                   P2_OFF   0x000018    program     static C:\Users\Choaib ELMADI\Documents\ENSA\GE-2\S3\Réseaux Locaux Indus\Projet Pompes\main.asm
                    P2_ON   0x000016    program     static C:\Users\Choaib ELMADI\Documents\ENSA\GE-2\S3\Réseaux Locaux Indus\Projet Pompes\main.asm
                   P3_OFF   0x000022    program     static C:\Users\Choaib ELMADI\Documents\ENSA\GE-2\S3\Réseaux Locaux Indus\Projet Pompes\main.asm
                    P3_ON   0x000020    program     static C:\Users\Choaib ELMADI\Documents\ENSA\GE-2\S3\Réseaux Locaux Indus\Projet Pompes\main.asm



                              Symbols - Sorted by Address
                     Name    Address   Location    Storage File                     
                ---------  ---------  ---------  --------- ---------                
                     INIT   0x000000    program     static C:\Users\Choaib ELMADI\Documents\ENSA\GE-2\S3\Réseaux Locaux Indus\Projet Pompes\main.asm
                     MAIN   0x000006    program     static C:\Users\Choaib ELMADI\Documents\ENSA\GE-2\S3\Réseaux Locaux Indus\Projet Pompes\main.asm
                 CHECK_H1   0x000009    program     static C:\Users\Choaib ELMADI\Documents\ENSA\GE-2\S3\Réseaux Locaux Indus\Projet Pompes\main.asm
                    P1_ON   0x00000c    program     static C:\Users\Choaib ELMADI\Documents\ENSA\GE-2\S3\Réseaux Locaux Indus\Projet Pompes\main.asm
                   P1_OFF   0x00000e    program     static C:\Users\Choaib ELMADI\Documents\ENSA\GE-2\S3\Réseaux Locaux Indus\Projet Pompes\main.asm
                 CHECK_P2   0x000010    program     static C:\Users\Choaib ELMADI\Documents\ENSA\GE-2\S3\Réseaux Locaux Indus\Projet Pompes\main.asm
                 CHECK_H2   0x000013    program     static C:\Users\Choaib ELMADI\Documents\ENSA\GE-2\S3\Réseaux Locaux Indus\Projet Pompes\main.asm
                    P2_ON   0x000016    program     static C:\Users\Choaib ELMADI\Documents\ENSA\GE-2\S3\Réseaux Locaux Indus\Projet Pompes\main.asm
                   P2_OFF   0x000018    program     static C:\Users\Choaib ELMADI\Documents\ENSA\GE-2\S3\Réseaux Locaux Indus\Projet Pompes\main.asm
                 CHECK_P3   0x00001a    program     static C:\Users\Choaib ELMADI\Documents\ENSA\GE-2\S3\Réseaux Locaux Indus\Projet Pompes\main.asm
                 CHECK_H3   0x00001d    program     static C:\Users\Choaib ELMADI\Documents\ENSA\GE-2\S3\Réseaux Locaux Indus\Projet Pompes\main.asm
                    P3_ON   0x000020    program     static C:\Users\Choaib ELMADI\Documents\ENSA\GE-2\S3\Réseaux Locaux Indus\Projet Pompes\main.asm
                   P3_OFF   0x000022    program     static C:\Users\Choaib ELMADI\Documents\ENSA\GE-2\S3\Réseaux Locaux Indus\Projet Pompes\main.asm


