MPLINK 4.48, Linker
Linker Map File - Created Tue Sep 24 21:33:00 2024

                                 Section Info
                  Section       Type    Address   Location Size(Bytes)
                ---------  ---------  ---------  ---------  ---------
                   .org_0       code   0x000000    program   0x000030



                              Program Memory Usage 
                               Start         End      
                           ---------   ---------      
                            0x000000    0x000017      
            24 out of 8454 program addresses used, program memory utilization is 0%



                              Symbols - Sorted by Name
                     Name    Address   Location    Storage File                     
                ---------  ---------  ---------  --------- ---------                
                     INIT   0x000000    program     static C:\Users\Choaib ELMADI\Documents\ENSA\GE-2\S3\Réseaux Locaux Indus\Projet Pompes\Main\main.asm
                     MAIN   0x000008    program     static C:\Users\Choaib ELMADI\Documents\ENSA\GE-2\S3\Réseaux Locaux Indus\Projet Pompes\Main\main.asm
                P1_ACTIVE   0x00000a    program     static C:\Users\Choaib ELMADI\Documents\ENSA\GE-2\S3\Réseaux Locaux Indus\Projet Pompes\Main\main.asm
                P2_ACTIVE   0x00000e    program     static C:\Users\Choaib ELMADI\Documents\ENSA\GE-2\S3\Réseaux Locaux Indus\Projet Pompes\Main\main.asm
                P3_ACTIVE   0x000012    program     static C:\Users\Choaib ELMADI\Documents\ENSA\GE-2\S3\Réseaux Locaux Indus\Projet Pompes\Main\main.asm
              RIEN_ACTIVE   0x000015    program     static C:\Users\Choaib ELMADI\Documents\ENSA\GE-2\S3\Réseaux Locaux Indus\Projet Pompes\Main\main.asm



                              Symbols - Sorted by Address
                     Name    Address   Location    Storage File                     
                ---------  ---------  ---------  --------- ---------                
                     INIT   0x000000    program     static C:\Users\Choaib ELMADI\Documents\ENSA\GE-2\S3\Réseaux Locaux Indus\Projet Pompes\Main\main.asm
                     MAIN   0x000008    program     static C:\Users\Choaib ELMADI\Documents\ENSA\GE-2\S3\Réseaux Locaux Indus\Projet Pompes\Main\main.asm
                P1_ACTIVE   0x00000a    program     static C:\Users\Choaib ELMADI\Documents\ENSA\GE-2\S3\Réseaux Locaux Indus\Projet Pompes\Main\main.asm
                P2_ACTIVE   0x00000e    program     static C:\Users\Choaib ELMADI\Documents\ENSA\GE-2\S3\Réseaux Locaux Indus\Projet Pompes\Main\main.asm
                P3_ACTIVE   0x000012    program     static C:\Users\Choaib ELMADI\Documents\ENSA\GE-2\S3\Réseaux Locaux Indus\Projet Pompes\Main\main.asm
              RIEN_ACTIVE   0x000015    program     static C:\Users\Choaib ELMADI\Documents\ENSA\GE-2\S3\Réseaux Locaux Indus\Projet Pompes\Main\main.asm


